2-topshiriq:

C:\Users\MSI-PC\OneDrive\Desktop\git_masala>git init
Initialized empty Git repository in C:/Users/MSI-PC/OneDrive/Desktop/git_masala/.git/



3-topshiriq:

C:\Users\MSI-PC\OneDrive\Desktop\git_masala>echo. >git_masala.py

C:\Users\MSI-PC\OneDrive\Desktop\git_masala>git status
On branch master

No commits yet

Untracked files:
  (use "git add <file>..." to include in what will be committed)
        git_masala.py

nothing added to commit but untracked files present (use "git add" to track)

C:\Users\MSI-PC\OneDrive\Desktop\git_masala>git add git_masala.py

C:\Users\MSI-PC\OneDrive\Desktop\git_masala>git commit -m "Birinchi_commit"
[master (root-commit) 71d1d99] Birinchi_commit
 1 file changed, 1 insertion(+)
 create mode 100644 git_masala.py



4-topshiriq:

C:\Users\MSI-PC\OneDrive\Desktop\git_masala>echo "O'zgarishlar" >> git_masala.py

C:\Users\MSI-PC\OneDrive\Desktop\git_masala>git status
On branch master
Changes not staged for commit:
  (use "git add <file>..." to update what will be committed)
  (use "git restore <file>..." to discard changes in working directory)
        modified:   git_masala.py

no changes added to commit (use "git add" and/or "git commit -a")

C:\Users\MSI-PC\OneDrive\Desktop\git_masala>git add git_masala.py

C:\Users\MSI-PC\OneDrive\Desktop\git_masala>git commit -m "Faylni yangiladim"
[master 152830e] Faylni yangiladim
 1 file changed, 2 insertions(+), 1 deletion(-)

C:\Users\MSI-PC\OneDrive\Desktop\git_masala>git log
commit 152830ee6a02e6e1dc8d007803a16808a2a6a444 (HEAD -> master)
Author: shaxriyor <rahimovshaxriyor1909@gmail.com>
Date:   Fri Sep 20 17:16:23 2024 +0500

    Faylni yangiladim

commit 71d1d991bd0952b74ff29753c4f9086f18e06a61
Author: shaxriyor <rahimovshaxriyor1909@gmail.com>
Date:   Fri Sep 20 17:10:47 2024 +0500

    Birinchi_commit



5-topshiriq:

C:\Users\MSI-PC\OneDrive\Desktop\git_masala>echo. > git_masala2.py

C:\Users\MSI-PC\OneDrive\Desktop\git_masala>git add git_masala2.py

C:\Users\MSI-PC\OneDrive\Desktop\git_masala>git commit -m "Ikkinchi_fayl_qo'shildi"
[master a9608a1] Ikkinchi_fayl_qo'shildi
 1 file changed, 1 insertion(+)
 create mode 100644 git_masala2.py

C:\Users\MSI-PC\OneDrive\Desktop\git_masala>echo "O'zgarishlar" >> git_masala.py

C:\Users\MSI-PC\OneDrive\Desktop\git_masala>echo "Bu ikkinchi fayl" >>git_masala2.py

C:\Users\MSI-PC\OneDrive\Desktop\git_masala>git add git_masala.py git_masala2.py

C:\Users\MSI-PC\OneDrive\Desktop\git_masala>git commit -m "Ikkala fayl yangilandi"
[master 21f0f6e] Ikkala fayl yangilandi
 2 files changed, 2 insertions(+)



6-topshiriq:

C:\Users\MSI-PC\OneDrive\Desktop\git_masala>git remote add origin https://github.com/rahimov-shaxriyor/Uygi-vazifa_6-dars_4-oy.git

C:\Users\MSI-PC\OneDrive\Desktop\git_masala>git push -u origin master

Enumerating objects: 12, done.
Counting objects: 100% (12/12), done.
Delta compression using up to 16 threads
Compressing objects: 100% (7/7), done.
Writing objects: 100% (12/12), 1.04 KiB | 88.00 KiB/s, done.
Total 12 (delta 0), reused 0 (delta 0), pack-reused 0 (from 0)
remote:
remote: Create a pull request for 'master' on GitHub by visiting:
remote:      https://github.com/rahimov-shaxriyor/Uygi-vazifa_6-dars_4-oy/pull/new/master
remote:
To https://github.com/rahimov-shaxriyor/Uygi-vazifa_6-dars_4-oy.git
 * [new branch]      master -> master
branch 'master' set up to track 'origin/master'.